Starting a Gradle Daemon, 2 incompatible and 2 stopped Daemons could not be reused, use --status for details
.\gradlew.bat : 
At line:1 char:1
+ .\gradlew.bat assembleDebug 2>&1 | Out-File -FilePath build_output.tx ...
+ ~~~~~~~~~~~~~~~~~~~~~~~~~~~~~~~~
    + CategoryInfo          : NotSpecified: (:String) [], RemoteException
    + FullyQualifiedErrorId : NativeCommandError
 
FAILURE: Build failed with an exception.

* What went wrong:
25.0.3

* Try:
> Run with --stacktrace option to get the stack trace.
> Run with --info or --debug option to get more log output.
> Run with --scan to get full insights.
> Get more help at https://help.gradle.org.

BUILD FAILED in 8s
